Component: ARM Compiler 5.06 update 7 (build 960) Tool: armlink [4d3601]

==============================================================================

Section Cross References

    startup_stm32f10x_md.o(RESET) refers to startup_stm32f10x_md.o(STACK) for __initial_sp
    startup_stm32f10x_md.o(RESET) refers to startup_stm32f10x_md.o(.text) for Reset_Handler
    startup_stm32f10x_md.o(RESET) refers to stm32f10x_it.o(.text) for NMI_Handler
    startup_stm32f10x_md.o(RESET) refers to port.o(.emb_text) for SVC_Handler
    startup_stm32f10x_md.o(RESET) refers to porttimer.o(.text) for TIM4_IRQHandler
    startup_stm32f10x_md.o(RESET) refers to portserial.o(.text) for USART1_IRQHandler
    startup_stm32f10x_md.o(.text) refers to system_stm32f10x.o(.text) for SystemInit
    startup_stm32f10x_md.o(.text) refers to entry.o(.ARM.Collect$$$$00000000) for __main
    system_stm32f10x.o(.text) refers to system_stm32f10x.o(.data) for .data
    stm32f10x_adc.o(.text) refers to stm32f10x_rcc.o(.text) for RCC_APB2PeriphResetCmd
    stm32f10x_bkp.o(.text) refers to stm32f10x_rcc.o(.text) for RCC_BackupResetCmd
    stm32f10x_can.o(.text) refers to stm32f10x_rcc.o(.text) for RCC_APB1PeriphResetCmd
    stm32f10x_cec.o(.text) refers to stm32f10x_rcc.o(.text) for RCC_APB1PeriphResetCmd
    stm32f10x_dac.o(.text) refers to stm32f10x_rcc.o(.text) for RCC_APB1PeriphResetCmd
    stm32f10x_gpio.o(.text) refers to stm32f10x_rcc.o(.text) for RCC_APB2PeriphResetCmd
    stm32f10x_i2c.o(.text) refers to stm32f10x_rcc.o(.text) for RCC_APB1PeriphResetCmd
    stm32f10x_pwr.o(.text) refers to stm32f10x_rcc.o(.text) for RCC_APB1PeriphResetCmd
    stm32f10x_rcc.o(.text) refers to stm32f10x_rcc.o(.data) for .data
    stm32f10x_spi.o(.text) refers to stm32f10x_rcc.o(.text) for RCC_APB2PeriphResetCmd
    stm32f10x_tim.o(.text) refers to stm32f10x_rcc.o(.text) for RCC_APB1PeriphResetCmd
    stm32f10x_usart.o(.text) refers to stm32f10x_rcc.o(.text) for RCC_APB2PeriphResetCmd
    stm32f10x_wwdg.o(.text) refers to stm32f10x_rcc.o(.text) for RCC_APB1PeriphResetCmd
    main.o(.text) refers to bsp_i2c_gpio.o(.text) for i2c_Init
    main.o(.text) refers to stm32f10x_flash.o(.text) for FLASH_Unlock
    main.o(.text) refers to ffltui.o(.text) for __aeabi_ui2f
    main.o(.text) refers to fdiv.o(.text) for __aeabi_fdiv
    main.o(.text) refers to fadd.o(.text) for __aeabi_fsub
    main.o(.text) refers to queue.o(.text) for xQueueGenericReceive
    main.o(.text) refers to bsp_iwdg.o(.text) for IWDG_Feed
    main.o(.text) refers to fflti.o(.text) for __aeabi_i2f
    main.o(.text) refers to fmul.o(.text) for __aeabi_fmul
    main.o(.text) refers to ffixui.o(.text) for __aeabi_f2uiz
    main.o(.text) refers to stm32f10x_gpio.o(.text) for GPIO_WriteBit
    main.o(.text) refers to cfrcmple.o(.text) for __aeabi_cfrcmple
    main.o(.text) refers to cfcmple.o(.text) for __aeabi_cfcmple
    main.o(.text) refers to tasks.o(.text) for vTaskDelay
    main.o(.text) refers to bsp_lcd.o(.text) for LCD_init
    main.o(.text) refers to bsp_nsa2862.o(.text) for NSA2862_E2PROM_Init
    main.o(.text) refers to mb.o(.text) for eMBInit
    main.o(.text) refers to main.o(.data) for .data
    main.o(.text) refers to modbus.o(.data) for usRegHoldingBuf
    main.o(.text) refers to memcmp.o(.text) for memcmp
    main.o(.text) refers to memcpya.o(.text) for __aeabi_memcpy
    main.o(.text) refers to bsp_key.o(.text) for Key_Scan
    main.o(.text) refers to port.o(.text) for vPortEnterCritical
    main.o(.text) refers to misc.o(.text) for NVIC_PriorityGroupConfig
    main.o(.text) refers to bsp_led.o(.text) for LED_GPIO_Config
    main.o(.text) refers to relay.o(.text) for Relay_GPIO_Init
    main.o(.text) refers to main.o(.bss) for .bss
    main.o(.text) refers to main.o(.constdata) for .constdata
    stm32f10x_it.o(.text) refers to tasks.o(.text) for xTaskGetSchedulerState
    stm32f10x_it.o(.text) refers to port.o(.text) for xPortSysTickHandler
    bsp_led.o(.text) refers to stm32f10x_rcc.o(.text) for RCC_APB2PeriphClockCmd
    bsp_led.o(.text) refers to stm32f10x_gpio.o(.text) for GPIO_Init
    bsp_usart.o(.text) refers to stm32f10x_rcc.o(.text) for RCC_APB2PeriphClockCmd
    bsp_usart.o(.text) refers to stm32f10x_gpio.o(.text) for GPIO_Init
    bsp_usart.o(.text) refers to stm32f10x_usart.o(.text) for USART_Init
    bsp_usart.o(.text) refers to misc.o(.text) for NVIC_Init
    bsp_key.o(.text) refers to stm32f10x_rcc.o(.text) for RCC_APB2PeriphClockCmd
    bsp_key.o(.text) refers to stm32f10x_gpio.o(.text) for GPIO_Init
    bsp_lcd.o(.text) refers to driver_ht1621.o(.text) for HT1621_Init
    bsp_lcd.o(.text) refers to tasks.o(.text) for vTaskDelay
    driver_ht1621.o(.text) refers to stm32f10x_gpio.o(.text) for GPIO_ResetBits
    driver_ht1621.o(.text) refers to tasks.o(.text) for vTaskDelay
    driver_ht1621.o(.text) refers to stm32f10x_rcc.o(.text) for RCC_APB2PeriphClockCmd
[...]
    handlers.s                               0x00000000   Number         0  handlers.o ABSOLUTE
    init.s                                   0x00000000   Number         0  init.o ABSOLUTE
    RESET                                    0x08000000   Section      236  startup_stm32f10x_md.o(RESET)
    .ARM.Collect$$$$00000000                 0x080000ec   Section        0  entry.o(.ARM.Collect$$$$00000000)
    .ARM.Collect$$$$00000001                 0x080000ec   Section        4  entry2.o(.ARM.Collect$$$$00000001)
    .ARM.Collect$$$$00000004                 0x080000f0   Section        4  entry5.o(.ARM.Collect$$$$00000004)
    .ARM.Collect$$$$00000008                 0x080000f4   Section        0  entry7b.o(.ARM.Collect$$$$00000008)
    .ARM.Collect$$$$0000000A                 0x080000f4   Section        0  entry8b.o(.ARM.Collect$$$$0000000A)
    .ARM.Collect$$$$0000000B                 0x080000f4   Section        8  entry9a.o(.ARM.Collect$$$$0000000B)
    .ARM.Collect$$$$0000000E                 0x080000fc   Section        4  entry12b.o(.ARM.Collect$$$$0000000E)
    .ARM.Collect$$$$0000000F                 0x08000100   Section        0  entry10a.o(.ARM.Collect$$$$0000000F)
    .ARM.Collect$$$$00000011                 0x08000100   Section        0  entry11a.o(.ARM.Collect$$$$00000011)
    .ARM.Collect$$$$00002712                 0x08000100   Section        4  entry2.o(.ARM.Collect$$$$00002712)
    __lit__00000000                          0x08000100   Data           4  entry2.o(.ARM.Collect$$$$00002712)
    .emb_text                                0x08000104   Section      150  port.o(.emb_text)
    .text                                    0x0800019c   Section       36  startup_stm32f10x_md.o(.text)
    .text                                    0x080001c0   Section        0  system_stm32f10x.o(.text)
    SetSysClockTo72                          0x080001c1   Thumb Code   160  system_stm32f10x.o(.text)
    .text                                    0x08000318   Section        0  misc.o(.text)
    .text                                    0x080003c8   Section        0  stm32f10x_flash.o(.text)
    .text                                    0x08000848   Section        0  stm32f10x_gpio.o(.text)
    .text                                    0x08000aac   Section        0  stm32f10x_iwdg.o(.text)
    .text                                    0x08000ae8   Section        0  stm32f10x_rcc.o(.text)
    .text                                    0x08000da0   Section        0  stm32f10x_tim.o(.text)
    TI2_Config                               0x08001133   Thumb Code   166  stm32f10x_tim.o(.text)
    TI1_Config                               0x080011e9   Thumb Code    88  stm32f10x_tim.o(.text)
    .text                                    0x08001890   Section        0  stm32f10x_usart.o(.text)
    .text                                    0x08001bb8   Section        0  main.o(.text)
    HardWare_Task                            0x08001c63   Thumb Code   520  main.o(.text)
    SHT20_Task                               0x08001e6b   Thumb Code    64  main.o(.text)
    MODBUS_Task                              0x08001eab   Thumb Code   362  main.o(.text)
    Flash_Task                               0x08002015   Thumb Code   124  main.o(.text)
    AppTaskCreate                            0x08002091   Thumb Code   112  main.o(.text)
    BSP_Init                                 0x0800212b   Thumb Code   106  main.o(.text)
    .text                                    0x08002204   Section        0  stm32f10x_it.o(.text)
    .text                                    0x08002224   Section        0  bsp_led.o(.text)
    .text                                    0x080022d8   Section        0  bsp_usart.o(.text)
    .text                                    0x0800246c   Section        0  bsp_key.o(.text)
    .text                                    0x080024a0   Section        0  bsp_lcd.o(.text)
    temp_decPlace_calc                       0x08002533   Thumb Code    94  bsp_lcd.o(.text)
    temp_unit_calc                           0x08002591   Thumb Code   100  bsp_lcd.o(.text)
    temp_dec_calc                            0x080025f5   Thumb Code    94  bsp_lcd.o(.text)
    humi_decPlace_calc                       0x08002653   Thumb Code    94  bsp_lcd.o(.text)
    humi_unit_calc                           0x080026b1   Thumb Code   100  bsp_lcd.o(.text)
    humi_dec_calc                            0x08002715   Thumb Code    94  bsp_lcd.o(.text)
    .text                                    0x08002774   Section        0  driver_ht1621.o(.text)
    .text                                    0x08002ba2   Section        0  bsp_i2c_gpio.o(.text)
    i2c_Delay                                0x08002dd3   Thumb Code    12  bsp_i2c_gpio.o(.text)
    .text                                    0x08002de0   Section        0  relay.o(.text)
    .text                                    0x08002e2c   Section        0  bsp_iwdg.o(.text)
    .text                                    0x08002e58   Section        0  modbus.o(.text)
    .text                                    0x08002fc8   Section        0  bsp_nsa2862.o(.text)
    .text                                    0x08003274   Section        0  list.o(.text)
    .text                                    0x080032fc   Section        0  queue.o(.text)
    prvCopyDataToQueue                       0x080033c5   Thumb Code   108  queue.o(.text)
    prvNotifyQueueSetContainer               0x08003431   Thumb Code   108  queue.o(.text)
    prvUnlockQueue                           0x0800349d   Thumb Code   120  queue.o(.text)
    prvCopyDataFromQueue                     0x08003701   Thumb Code    38  queue.o(.text)
    prvIsQueueEmpty                          0x08003d33   Thumb Code    26  queue.o(.text)
    .text                                    0x08003d54   Section        0  tasks.o(.text)
    prvAddNewTaskToReadyList                 0x08003d55   Thumb Code   190  tasks.o(.text)
    prvAddCurrentTaskToDelayedList           0x08004073   Thumb Code   102  tasks.o(.text)
    prvTaskIsTaskSuspended                   0x08004427   Thumb Code    48  tasks.o(.text)
    prvIdleTask                              0x08004549   Thumb Code    30  tasks.o(.text)
    prvInitialiseNewTask                     0x08004cd3   Thumb Code   140  tasks.o(.text)
    prvResetNextTaskUnblockTime              0x08004d5f   Thumb Code    26  tasks.o(.text)
    prvDeleteTCB                             0x08004d79   Thumb Code    20  tasks.o(.text)
    prvCheckTasksWaitingTermination          0x08004d8d   Thumb Code   136  tasks.o(.text)
    .text                                    0x08004e14   Section        0  heap_4.o(.text)
    prvInsertBlockIntoFreeList               0x08004e15   Thumb Code    72  heap_4.o(.text)
    prvHeapInit                              0x08004fa5   Thumb Code    66  heap_4.o(.text)
    .text                                    0x08005028   Section        0  port.o(.text)
    prvTaskExitError                         0x08005029   Thumb Code    34  port.o(.text)
    .text                                    0x0800521c   Section        0  mb.o(.text)
    .text                                    0x0800547c   Section        0  mbascii.o(.text)
    prvucMBLRC                               0x0800570d   Thumb Code    24  mbascii.o(.text)
    prvucMBBIN2CHAR                          0x08005725   Thumb Code    28  mbascii.o(.text)
    .text                                    0x08005744   Section        0  mbfunccoils.o(.text)
    .text                                    0x08005864   Section        0  mbfuncdisc.o(.text)
    .text                                    0x080058d2   Section        0  mbfuncholding.o(.text)
    .text                                    0x08005a40   Section        0  mbfuncinput.o(.text)
    .text                                    0x08005aa0   Section        0  mbfuncother.o(.text)
    .text                                    0x08005b04   Section        0  mbutils.o(.text)
    .text                                    0x08005b70   Section        0  mbcrc.o(.text)
    .text                                    0x08005b9c   Section        0  mbrtu.o(.text)
    .text                                    0x08005da4   Section        0  portevent.o(.text)
    .text                                    0x08005dd8   Section        0  portserial.o(.text)
    .text                                    0x08005fe8   Section        0  porttimer.o(.text)
    .text                                    0x080060f0   Section        0  memcpya.o(.text)
    .text                                    0x08006114   Section        0  memcmp.o(.text)
    .text                                    0x0800612e   Section        0  fadd.o(.text)
    .text                                    0x080061de   Section        0  fmul.o(.text)
    .text                                    0x08006242   Section        0  fdiv.o(.text)
    .text                                    0x080062be   Section        0  fscalb.o(.text)
    .text                                    0x080062d6   Section        0  fflti.o(.text)
    .text                                    0x080062e8   Section        0  ffltui.o(.text)
    .text                                    0x080062f2   Section        0  ffixui.o(.text)
    .text                                    0x0800631c   Section       20  cfcmple.o(.text)
    .text                                    0x08006330   Section       20  cfrcmple.o(.text)
    .text                                    0x08006344   Section        0  uidiv.o(.text)
    .text                                    0x08006370   Section        0  iusefp.o(.text)
    .text                                    0x08006370   Section        0  fepilogue.o(.text)
    .text                                    0x080063e0   Section       36  init.o(.text)
    .text                                    0x08006404   Section        0  __dczerorl2.o(.text)
    i.__0printf$3                            0x0800645c   Section        0  printf3.o(i.__0printf$3)
    i.__scatterload_copy                     0x0800647c   Section       14  handlers.o(i.__scatterload_copy)
    i.__scatterload_null                     0x0800648a   Section        2  handlers.o(i.__scatterload_null)
    i.__scatterload_zeroinit                 0x0800648c   Section       14  handlers.o(i.__scatterload_zeroinit)
    i._printf_core                           0x0800649c   Section        0  printf3.o(i._printf_core)
    _printf_core                             0x0800649d   Thumb Code   436  printf3.o(i._printf_core)
    .constdata                               0x08006654   Section       50  main.o(.constdata)
    usRegHoldingBufInitial                   0x08006654   Data          50  main.o(.constdata)
    .constdata                               0x08006686   Section      512  mbcrc.o(.constdata)
    aucCRCHi                                 0x08006686   Data         256  mbcrc.o(.constdata)
    aucCRCLo                                 0x08006786   Data         256  mbcrc.o(.constdata)
    .data                                    0x20000000   Section       20  system_stm32f10x.o(.data)
    .data                                    0x20000014   Section       20  stm32f10x_rcc.o(.data)
    ADCPrescTable                            0x20000014   Data           4  stm32f10x_rcc.o(.data)
    APBAHBPrescTable                         0x20000018   Data          16  stm32f10x_rcc.o(.data)
    .data                                    0x20000028   Section       64  main.o(.data)
    AppTaskCreate_Handle                     0x20000028   Data           4  main.o(.data)
    Flash_Task_Handle                        0x2000002c   Data           4  main.o(.data)
    MODBUS_Task_Handle                       0x20000030   Data           4  main.o(.data)
    SHT20_Task_Handle                        0x20000034   Data           4  main.o(.data)
    HardWare_Task_Handle                     0x20000038   Data           4  main.o(.data)
    .data                                    0x20000068   Section      116  modbus.o(.data)
    .data                                    0x200000dc   Section        6  bsp_nsa2862.o(.data)
    status                                   0x200000dc   Data           1  bsp_nsa2862.o(.data)
    Config                                   0x200000dd   Data           5  bsp_nsa2862.o(.data)
    .data                                    0x200000e4   Section       60  tasks.o(.data)
    uxDeletedTasksWaitingCleanUp             0x200000e8   Data           4  tasks.o(.data)
    uxCurrentNumberOfTasks                   0x200000ec   Data           4  tasks.o(.data)
    xTickCount                               0x200000f0   Data           4  tasks.o(.data)
    uxTopReadyPriority                       0x200000f4   Data           4  tasks.o(.data)
    xSchedulerRunning                        0x200000f8   Data           4  tasks.o(.data)
    uxPendedTicks                            0x200000fc   Data           4  tasks.o(.data)
    xYieldPending                            0x20000100   Data           4  tasks.o(.data)
    xNumOfOverflows                          0x20000104   Data           4  tasks.o(.data)
    uxTaskNumber                             0x20000108   Data           4  tasks.o(.data)
    xNextTaskUnblockTime                     0x2000010c   Data           4  tasks.o(.data)
    xIdleTaskHandle                          0x20000110   Data           4  tasks.o(.data)
    uxSchedulerSuspended                     0x20000114   Data           4  tasks.o(.data)
    pxDelayedTaskList                        0x20000118   Data           4  tasks.o(.data)
    pxOverflowDelayedTaskList                0x2000011c   Data           4  tasks.o(.data)
    .data                                    0x20000120   Section       24  heap_4.o(.data)
    pxEnd                                    0x20000120   Data           4  heap_4.o(.data)
    xFreeBytesRemaining                      0x20000124   Data           4  heap_4.o(.data)
    xMinimumEverFreeBytesRemaining           0x20000128   Data           4  heap_4.o(.data)
    xBlockAllocatedBit                       0x2000012c   Data           4  heap_4.o(.data)
    xStart                                   0x20000130   Data           8  heap_4.o(.data)
    .data                                    0x20000138   Section       12  port.o(.data)
    ucMaxSysCallPriority                     0x20000138   Data           1  port.o(.data)
    uxCriticalNesting                        0x2000013c   Data           4  port.o(.data)
    ulMaxPRIGROUPValue                       0x20000140   Data           4  port.o(.data)
    .data                                    0x20000144   Section      172  mb.o(.data)
    eMBState                                 0x20000144   Data           1  mb.o(.data)
    ucRcvAddress                             0x20000145   Data           1  mb.o(.data)
    ucFunctionCode                           0x20000146   Data           1  mb.o(.data)
    eException                               0x20000147   Data           1  mb.o(.data)
    ucMBAddress                              0x20000148   Data           1  mb.o(.data)
    eMBCurrentMode                           0x20000149   Data           1  mb.o(.data)
    usLength                                 0x2000014a   Data           2  mb.o(.data)
    ucMBFrame                                0x2000014c   Data           4  mb.o(.data)
    peMBFrameSendCur                         0x20000150   Data           4  mb.o(.data)
    pvMBFrameStartCur                        0x20000154   Data           4  mb.o(.data)
    pvMBFrameStopCur                         0x20000158   Data           4  mb.o(.data)
    peMBFrameReceiveCur                      0x2000015c   Data           4  mb.o(.data)
    pvMBFrameCloseCur                        0x20000160   Data           4  mb.o(.data)
    xFuncHandlers                            0x20000170   Data         128  mb.o(.data)
    .data                                    0x200001f0   Section       16  mbascii.o(.data)
    eSndState                                0x200001f0   Data           1  mbascii.o(.data)
    eRcvState                                0x200001f1   Data           1  mbascii.o(.data)
    eBytePos                                 0x200001f2   Data           1  mbascii.o(.data)
    ucMBLFCharacter                          0x200001f3   Data           1  mbascii.o(.data)
    usRcvBufferPos                           0x200001f4   Data           2  mbascii.o(.data)
    usSndBufferCount                         0x200001f6   Data           2  mbascii.o(.data)
    ucASCIIBuf                               0x200001f8   Data           4  mbascii.o(.data)
    pucSndBufferCur                          0x200001fc   Data           4  mbascii.o(.data)
    .data                                    0x20000200   Section        2  mbfuncother.o(.data)
    usMBSlaveIDLen                           0x20000200   Data           2  mbfuncother.o(.data)
    .data                                    0x20000204   Section       12  mbrtu.o(.data)
    eSndState                                0x20000204   Data           1  mbrtu.o(.data)
    eRcvState                                0x20000205   Data           1  mbrtu.o(.data)
    usSndBufferCount                         0x20000206   Data           2  mbrtu.o(.data)
    usRcvBufferPos                           0x20000208   Data           2  mbrtu.o(.data)
    pucSndBufferCur                          0x2000020c   Data           4  mbrtu.o(.data)
    .data                                    0x20000210   Section        2  portevent.o(.data)
    eQueuedEvent                             0x20000210   Data           1  portevent.o(.data)
    xEventInQueue                            0x20000211   Data           1  portevent.o(.data)
    .data                                    0x20000214   Section       16  portserial.o(.data)
    current_irq_channel                      0x20000214   Data           1  portserial.o(.data)
    current_tx_pin                           0x20000216   Data           2  portserial.o(.data)
    current_rx_pin                           0x20000218   Data           2  portserial.o(.data)
    current_usart                            0x2000021c   Data           4  portserial.o(.data)
    current_gpio                             0x20000220   Data           4  portserial.o(.data)
    .data                                    0x20000224   Section        4  stdout.o(.data)
    .bss                                     0x20000228   Section       50  main.o(.bss)
    previousUsRegHoldingBuf                  0x20000228   Data          50  main.o(.bss)
    .bss                                     0x2000025c   Section       80  queue.o(.bss)
    .bss                                     0x200002ac   Section      740  tasks.o(.bss)
    pxReadyTasksLists                        0x200002ac   Data         640  tasks.o(.bss)
    xDelayedTaskList1                        0x2000052c   Data          20  tasks.o(.bss)
    xDelayedTaskList2                        0x20000540   Data          20  tasks.o(.bss)
    xPendingReadyList                        0x20000554   Data          20  tasks.o(.bss)
    xTasksWaitingTermination                 0x20000568   Data          20  tasks.o(.bss)
    xSuspendedTaskList                       0x2000057c   Data          20  tasks.o(.bss)
    .bss                                     0x20000590   Section    10240  heap_4.o(.bss)
    ucHeap                                   0x20000590   Data       10240  heap_4.o(.bss)
    .bss                                     0x20002d90   Section       32  mbfuncother.o(.bss)
    ucMBSlaveID                              0x20002d90   Data          32  mbfuncother.o(.bss)
    .bss                                     0x20002db0   Section      256  mbrtu.o(.bss)
    STACK                                    0x20002eb0   Section     1024  startup_stm32f10x_md.o(STACK)

    Global Symbols

    Symbol Name                              Value     Ov Type        Size  Object(Section)

    BuildAttributes$$THM_ISAv4$P$D$K$B$S$PE$A:L22UL41UL21$X:L11$S22US41US21$IEEE1$IW$USESV6$~STKCKD$USESV7$~SHL$OTIME$ROPI$EBA8$MICROLIB$REQ8$PRES8$EABIv2 0x00000000   Number         0  anon$$obj.o ABSOLUTE
    __ARM_use_no_argv                        0x00000000   Number         0  main.o ABSOLUTE
    _printf_a                                0x00000000   Number         0  stubs.o ABSOLUTE
    _printf_c                                0x00000000   Number         0  stubs.o ABSOLUTE
    _printf_charcount                        0x00000000   Number         0  stubs.o ABSOLUTE
    _printf_d                                0x00000000   Number         0  stubs.o ABSOLUTE
    _printf_e                                0x00000000   Number         0  stubs.o ABSOLUTE
    _printf_f                                0x00000000   Number         0  stubs.o ABSOLUTE
    _printf_flags                            0x00000000   Number         0  stubs.o ABSOLUTE
    _printf_fp_dec                           0x00000000   Number         0  stubs.o ABSOLUTE
    _printf_fp_hex                           0x00000000   Number         0  stubs.o ABSOLUTE
    _printf_g                                0x00000000   Number         0  stubs.o ABSOLUTE
    _printf_i                                0x00000000   Number         0  stubs.o ABSOLUTE
    _printf_int_dec                          0x00000000   Number         0  stubs.o ABSOLUTE
    _printf_l                                0x00000000   Number         0  stubs.o ABSOLUTE
    _printf_lc                               0x00000000   Number         0  stubs.o ABSOLUTE
    _printf_ll                               0x00000000   Number         0  stubs.o ABSOLUTE
    _printf_lld                              0x00000000   Number         0  stubs.o ABSOLUTE
    _printf_lli                              0x00000000   Number         0  stubs.o ABSOLUTE
    _printf_llo                              0x00000000   Number         0  stubs.o ABSOLUTE
    _printf_llu                              0x00000000   Number         0  stubs.o ABSOLUTE
    _printf_llx                              0x00000000   Number         0  stubs.o ABSOLUTE
    _printf_longlong_dec                     0x00000000   Number         0  stubs.o ABSOLUTE
    _printf_longlong_hex                     0x00000000   Number         0  stubs.o ABSOLUTE
    _printf_longlong_oct                     0x00000000   Number         0  stubs.o ABSOLUTE
    _printf_ls                               0x00000000   Number         0  stubs.o ABSOLUTE
    _printf_mbtowc                           0x00000000   Number         0  stubs.o ABSOLUTE
    _printf_n                                0x00000000   Number         0  stubs.o ABSOLUTE
    _printf_o                                0x00000000   Number         0  stubs.o ABSOLUTE
    _printf_p                                0x00000000   Number         0  stubs.o ABSOLUTE
    _printf_percent                          0x00000000   Number         0  stubs.o ABSOLUTE
    _printf_pre_padding                      0x00000000   Number         0  stubs.o ABSOLUTE
    _printf_return_value                     0x00000000   Number         0  stubs.o ABSOLUTE
    _printf_s                                0x00000000   Number         0  stubs.o ABSOLUTE
    _printf_sizespec                         0x00000000   Number         0  stubs.o ABSOLUTE
    _printf_str                              0x00000000   Number         0  stubs.o ABSOLUTE
    _printf_truncate_signed                  0x00000000   Number         0  stubs.o ABSOLUTE
    _printf_truncate_unsigned                0x00000000   Number         0  stubs.o ABSOLUTE
    _printf_u                                0x00000000   Number         0  stubs.o ABSOLUTE
    _printf_wc                               0x00000000   Number         0  stubs.o ABSOLUTE
    _printf_wctomb                           0x00000000   Number         0  stubs.o ABSOLUTE
    _printf_widthprec                        0x00000000   Number         0  stubs.o ABSOLUTE
    _printf_x                                0x00000000   Number         0  stubs.o ABSOLUTE
    __arm_fini_                               - Undefined Weak Reference
    __cpp_initialize__aeabi_                  - Undefined Weak Reference
    __cxa_finalize                            - Undefined Weak Reference
    _clock_init                               - Undefined Weak Reference
    _microlib_exit                            - Undefined Weak Reference
    __Vectors_Size                           0x000000ec   Number         0  startup_stm32f10x_md.o ABSOLUTE
    __Vectors                                0x08000000   Data           4  startup_stm32f10x_md.o(RESET)
    __Vectors_End                            0x080000ec   Data           0  startup_stm32f10x_md.o(RESET)
    __main                                   0x080000ed   Thumb Code     0  entry.o(.ARM.Collect$$$$00000000)
    _main_stk                                0x080000ed   Thumb Code     0  entry2.o(.ARM.Collect$$$$00000001)
    _main_scatterload                        0x080000f1   Thumb Code     0  entry5.o(.ARM.Collect$$$$00000004)
    __main_after_scatterload                 0x080000f5   Thumb Code     0  entry5.o(.ARM.Collect$$$$00000004)
    _main_clock                              0x080000f5   Thumb Code     0  entry7b.o(.ARM.Collect$$$$00000008)
    _main_cpp_init                           0x080000f5   Thumb Code     0  entry8b.o(.ARM.Collect$$$$0000000A)
    _main_init                               0x080000f5   Thumb Code     0  entry9a.o(.ARM.Collect$$$$0000000B)
    __rt_lib_shutdown_fini                   0x080000fd   Thumb Code     0  entry12b.o(.ARM.Collect$$$$0000000E)
    __rt_final_cpp                           0x08000101   Thumb Code     0  entry10a.o(.ARM.Collect$$$$0000000F)
    __rt_final_exit                          0x08000101   Thumb Code     0  entry11a.o(.ARM.Collect$$$$00000011)
    SVC_Handler                              0x08000105   Thumb Code    32  port.o(.emb_text)
    __asm___6_port_c_39a90d8d__prvStartFirstTask 0x08000129   Thumb Code    28  port.o(.emb_text)
    PendSV_Handler                           0x08000149   Thumb Code    72  port.o(.emb_text)
    vPortGetIPSR                             0x08000195   Thumb Code     6  port.o(.emb_text)
    Reset_Handler                            0x0800019d   Thumb Code     8  startup_stm32f10x_md.o(.text)
    ADC1_2_IRQHandler                        0x080001b7   Thumb Code     0  startup_stm32f10x_md.o(.text)
    CAN1_RX1_IRQHandler                      0x080001b7   Thumb Code     0  startup_stm32f10x_md.o(.text)
    CAN1_SCE_IRQHandler                      0x080001b7   Thumb Code     0  startup_stm32f10x_md.o(.text)
    DMA1_Channel1_IRQHandler                 0x080001b7   Thumb Code     0  startup_stm32f10x_md.o(.text)
    DMA1_Channel2_IRQHandler                 0x080001b7   Thumb Code     0  startup_stm32f10x_md.o(.text)
    DMA1_Channel3_IRQHandler                 0x080001b7   Thumb Code     0  startup_stm32f10x_md.o(.text)
    DMA1_Channel4_IRQHandler                 0x080001b7   Thumb Code     0  startup_stm32f10x_md.o(.text)
    DMA1_Channel5_IRQHandler                 0x080001b7   Thumb Code     0  startup_stm32f10x_md.o(.text)
    DMA1_Channel6_IRQHandler                 0x080001b7   Thumb Code     0  startup_stm32f10x_md.o(.text)
    DMA1_Channel7_IRQHandler                 0x080001b7   Thumb Code     0  startup_stm32f10x_md.o(.text)
    EXTI0_IRQHandler                         0x080001b7   Thumb Code     0  startup_stm32f10x_md.o(.text)
    EXTI15_10_IRQHandler                     0x080001b7   Thumb Code     0  startup_stm32f10x_md.o(.text)
    EXTI1_IRQHandler                         0x080001b7   Thumb Code     0  startup_stm32f10x_md.o(.text)
    EXTI2_IRQHandler                         0x080001b7   Thumb Code     0  startup_stm32f10x_md.o(.text)
    EXTI3_IRQHandler                         0x080001b7   Thumb Code     0  startup_stm32f10x_md.o(.text)
    EXTI4_IRQHandler                         0x080001b7   Thumb Code     0  startup_stm32f10x_md.o(.text)
    EXTI9_5_IRQHandler                       0x080001b7   Thumb Code     0  startup_stm32f10x_md.o(.text)
    FLASH_IRQHandler                         0x080001b7   Thumb Code     0  startup_stm32f10x_md.o(.text)
    I2C1_ER_IRQHandler                       0x080001b7   Thumb Code     0  startup_stm32f10x_md.o(.text)
    I2C1_EV_IRQHandler                       0x080001b7   Thumb Code     0  startup_stm32f10x_md.o(.text)
    I2C2_ER_IRQHandler                       0x080001b7   Thumb Code     0  startup_stm32f10x_md.o(.text)
    I2C2_EV_IRQHandler                       0x080001b7   Thumb Code     0  startup_stm32f10x_md.o(.text)
    PVD_IRQHandler                           0x080001b7   Thumb Code     0  startup_stm32f10x_md.o(.text)
    RCC_IRQHandler                           0x080001b7   Thumb Code     0  startup_stm32f10x_md.o(.text)
    RTCAlarm_IRQHandler                      0x080001b7   Thumb Code     0  startup_stm32f10x_md.o(.text)
    RTC_IRQHandler                           0x080001b7   Thumb Code     0  startup_stm32f10x_md.o(.text)
    SPI1_IRQHandler                          0x080001b7   Thumb Code     0  startup_stm32f10x_md.o(.text)
    SPI2_IRQHandler                          0x080001b7   Thumb Code     0  startup_stm32f10x_md.o(.text)
    TAMPER_IRQHandler                        0x080001b7   Thumb Code     0  startup_stm32f10x_md.o(.text)
    TIM1_BRK_IRQHandler                      0x080001b7   Thumb Code     0  startup_stm32f10x_md.o(.text)
    TIM1_CC_IRQHandler                       0x080001b7   Thumb Code     0  startup_stm32f10x_md.o(.text)
    TIM1_TRG_COM_IRQHandler                  0x080001b7   Thumb Code     0  startup_stm32f10x_md.o(.text)
    TIM1_UP_IRQHandler                       0x080001b7   Thumb Code     0  startup_stm32f10x_md.o(.text)
    TIM2_IRQHandler                          0x080001b7   Thumb Code     0  startup_stm32f10x_md.o(.text)
    TIM3_IRQHandler                          0x080001b7   Thumb Code     0  startup_stm32f10x_md.o(.text)
    USART2_IRQHandler                        0x080001b7   Thumb Code     0  startup_stm32f10x_md.o(.text)
    USBWakeUp_IRQHandler                     0x080001b7   Thumb Code     0  startup_stm32f10x_md.o(.text)
    USB_HP_CAN1_TX_IRQHandler                0x080001b7   Thumb Code     0  startup_stm32f10x_md.o(.text)
    USB_LP_CAN1_RX0_IRQHandler               0x080001b7   Thumb Code     0  startup_stm32f10x_md.o(.text)
    WWDG_IRQHandler                          0x080001b7   Thumb Code     0  startup_stm32f10x_md.o(.text)
    SystemInit                               0x08000261   Thumb Code    64  system_stm32f10x.o(.text)
    SystemCoreClockUpdate                    0x080002a1   Thumb Code    86  system_stm32f10x.o(.text)
    NVIC_PriorityGroupConfig                 0x08000319   Thumb Code    10  misc.o(.text)
    NVIC_Init                                0x08000323   Thumb Code    94  misc.o(.text)
    NVIC_SetVectorTable                      0x08000381   Thumb Code    14  misc.o(.text)
    NVIC_SystemLPConfig                      0x0800038f   Thumb Code    20  misc.o(.text)
    SysTick_CLKSourceConfig                  0x080003a3   Thumb Code    24  misc.o(.text)
    FLASH_SetLatency                         0x080003c9   Thumb Code    14  stm32f10x_flash.o(.text)
    FLASH_HalfCycleAccessCmd                 0x080003d7   Thumb Code    18  stm32f10x_flash.o(.text)
    FLASH_PrefetchBufferCmd                  0x080003e9   Thumb Code    18  stm32f10x_flash.o(.text)
    FLASH_Unlock                             0x080003fb   Thumb Code    12  stm32f10x_flash.o(.text)
    FLASH_UnlockBank1                        0x08000407   Thumb Code    12  stm32f10x_flash.o(.text)
    FLASH_Lock                               0x08000413   Thumb Code    12  stm32f10x_flash.o(.text)
    FLASH_LockBank1                          0x0800041f   Thumb Code    12  stm32f10x_flash.o(.text)
    FLASH_GetBank1Status                     0x0800042b   Thumb Code    34  stm32f10x_flash.o(.text)
    FLASH_WaitForLastOperation               0x0800044d   Thumb Code    34  stm32f10x_flash.o(.text)
    FLASH_ErasePage                          0x0800046f   Thumb Code    56  stm32f10x_flash.o(.text)
    FLASH_EraseAllPages                      0x080004a7   Thumb Code    52  stm32f10x_flash.o(.text)
    FLASH_WaitForLastBank1Operation          0x080004db   Thumb Code    34  stm32f10x_flash.o(.text)
    FLASH_EraseAllBank1Pages                 0x080004fd   Thumb Code    52  stm32f10x_flash.o(.text)
    FLASH_GetReadOutProtectionStatus         0x08000531   Thumb Code    14  stm32f10x_flash.o(.text)
    FLASH_EraseOptionBytes                   0x0800053f   Thumb Code   108  stm32f10x_flash.o(.text)
    FLASH_ProgramWord                        0x080005ab   Thumb Code    72  stm32f10x_flash.o(.text)
    FLASH_ProgramHalfWord                    0x080005f3   Thumb Code    48  stm32f10x_flash.o(.text)
    FLASH_ProgramOptionByteData              0x08000623   Thumb Code    62  stm32f10x_flash.o(.text)
    FLASH_EnableWriteProtection              0x08000661   Thumb Code   158  stm32f10x_flash.o(.text)
    FLASH_ReadOutProtection                  0x080006ff   Thumb Code   118  stm32f10x_flash.o(.text)
    FLASH_UserOptionByteConfig               0x08000775   Thumb Code    92  stm32f10x_flash.o(.text)
    FLASH_GetUserOptionByte                  0x080007d1   Thumb Code     8  stm32f10x_flash.o(.text)
    FLASH_GetWriteProtectionOptionByte       0x080007d9   Thumb Code     6  stm32f10x_flash.o(.text)
    FLASH_GetPrefetchBufferStatus            0x080007df   Thumb Code    14  stm32f10x_flash.o(.text)
    FLASH_ITConfig                           0x080007ed   Thumb Code    18  stm32f10x_flash.o(.text)
    FLASH_GetFlagStatus                      0x080007ff   Thumb Code    28  stm32f10x_flash.o(.text)
    FLASH_ClearFlag                          0x0800081b   Thumb Code     6  stm32f10x_flash.o(.text)
    FLASH_GetStatus                          0x08000821   Thumb Code    34  stm32f10x_flash.o(.text)
    GPIO_DeInit                              0x08000849   Thumb Code   152  stm32f10x_gpio.o(.text)
    GPIO_AFIODeInit                          0x080008e1   Thumb Code    22  stm32f10x_gpio.o(.text)
    GPIO_Init                                0x080008f7   Thumb Code   156  stm32f10x_gpio.o(.text)
    GPIO_StructInit                          0x08000993   Thumb Code    16  stm32f10x_gpio.o(.text)
    GPIO_ReadInputDataBit                    0x080009a3   Thumb Code    14  stm32f10x_gpio.o(.text)
    GPIO_ReadInputData                       0x080009b1   Thumb Code     6  stm32f10x_gpio.o(.text)
    GPIO_ReadOutputDataBit                   0x080009b7   Thumb Code    14  stm32f10x_gpio.o(.text)
    GPIO_ReadOutputData                      0x080009c5   Thumb Code     6  stm32f10x_gpio.o(.text)
    GPIO_SetBits                             0x080009cb   Thumb Code     4  stm32f10x_gpio.o(.text)
    GPIO_ResetBits                           0x080009cf   Thumb Code     4  stm32f10x_gpio.o(.text)
    GPIO_WriteBit                            0x080009d3   Thumb Code    10  stm32f10x_gpio.o(.text)
    GPIO_Write                               0x080009dd   Thumb Code     4  stm32f10x_gpio.o(.text)
    GPIO_PinLockConfig                       0x080009e1   Thumb Code    16  stm32f10x_gpio.o(.text)
    GPIO_EventOutputConfig                   0x080009f1   Thumb Code    22  stm32f10x_gpio.o(.text)
    GPIO_EventOutputCmd                      0x08000a07   Thumb Code     6  stm32f10x_gpio.o(.text)
    GPIO_PinRemapConfig                      0x08000a0d   Thumb Code    82  stm32f10x_gpio.o(.text)
    GPIO_EXTILineConfig                      0x08000a5f   Thumb Code    34  stm32f10x_gpio.o(.text)
    GPIO_ETH_MediaInterfaceConfig            0x08000a81   Thumb Code     8  stm32f10x_gpio.o(.text)
    IWDG_WriteAccessCmd                      0x08000aad   Thumb Code     6  stm32f10x_iwdg.o(.text)
    IWDG_SetPrescaler                        0x08000ab3   Thumb Code     6  stm32f10x_iwdg.o(.text)
    IWDG_SetReload                           0x08000ab9   Thumb Code     6  stm32f10x_iwdg.o(.text)
    IWDG_ReloadCounter                       0x08000abf   Thumb Code    10  stm32f10x_iwdg.o(.text)
    IWDG_Enable                              0x08000ac9   Thumb Code    10  stm32f10x_iwdg.o(.text)
    IWDG_GetFlagStatus                       0x08000ad3   Thumb Code    16  stm32f10x_iwdg.o(.text)
    RCC_DeInit                               0x08000ae9   Thumb Code    50  stm32f10x_rcc.o(.text)
    RCC_HSEConfig                            0x08000b1b   Thumb Code    48  stm32f10x_rcc.o(.text)
    RCC_GetFlagStatus                        0x08000b4b   Thumb Code    42  stm32f10x_rcc.o(.text)
    RCC_WaitForHSEStartUp                    0x08000b75   Thumb Code    44  stm32f10x_rcc.o(.text)
    RCC_AdjustHSICalibrationValue            0x08000ba1   Thumb Code    16  stm32f10x_rcc.o(.text)
    RCC_HSICmd                               0x08000bb1   Thumb Code     6  stm32f10x_rcc.o(.text)
    RCC_PLLConfig                            0x08000bb7   Thumb Code    16  stm32f10x_rcc.o(.text)
    RCC_PLLCmd                               0x08000bc7   Thumb Code     6  stm32f10x_rcc.o(.text)
    RCC_SYSCLKConfig                         0x08000bcd   Thumb Code    14  stm32f10x_rcc.o(.text)
    RCC_GetSYSCLKSource                      0x08000bdb   Thumb Code    10  stm32f10x_rcc.o(.text)
    RCC_HCLKConfig                           0x08000be5   Thumb Code    14  stm32f10x_rcc.o(.text)
    RCC_PCLK1Config                          0x08000bf3   Thumb Code    14  stm32f10x_rcc.o(.text)
    RCC_PCLK2Config                          0x08000c01   Thumb Code    16  stm32f10x_rcc.o(.text)
    RCC_ITConfig                             0x08000c11   Thumb Code    18  stm32f10x_rcc.o(.text)
    RCC_USBCLKConfig                         0x08000c23   Thumb Code     8  stm32f10x_rcc.o(.text)
    RCC_ADCCLKConfig                         0x08000c2b   Thumb Code    14  stm32f10x_rcc.o(.text)
    RCC_LSEConfig                            0x08000c39   Thumb Code    28  stm32f10x_rcc.o(.text)
    RCC_LSICmd                               0x08000c55   Thumb Code     6  stm32f10x_rcc.o(.text)
    RCC_RTCCLKConfig                         0x08000c5b   Thumb Code    10  stm32f10x_rcc.o(.text)
    RCC_RTCCLKCmd                            0x08000c65   Thumb Code     8  stm32f10x_rcc.o(.text)
    RCC_GetClocksFreq                        0x08000c6d   Thumb Code   132  stm32f10x_rcc.o(.text)
    RCC_AHBPeriphClockCmd                    0x08000cf1   Thumb Code    18  stm32f10x_rcc.o(.text)
    RCC_APB2PeriphClockCmd                   0x08000d03   Thumb Code    18  stm32f10x_rcc.o(.text)
    RCC_APB1PeriphClockCmd                   0x08000d15   Thumb Code    18  stm32f10x_rcc.o(.text)
    RCC_APB2PeriphResetCmd                   0x08000d27   Thumb Code    18  stm32f10x_rcc.o(.text)
    RCC_APB1PeriphResetCmd                   0x08000d39   Thumb Code    18  stm32f10x_rcc.o(.text)
    RCC_BackupResetCmd                       0x08000d4b   Thumb Code     8  stm32f10x_rcc.o(.text)
    RCC_ClockSecuritySystemCmd               0x08000d53   Thumb Code     6  stm32f10x_rcc.o(.text)
    RCC_MCOConfig                            0x08000d59   Thumb Code     6  stm32f10x_rcc.o(.text)
    RCC_ClearFlag                            0x08000d5f   Thumb Code    12  stm32f10x_rcc.o(.text)
    RCC_GetITStatus                          0x08000d6b   Thumb Code    16  stm32f10x_rcc.o(.text)
    RCC_ClearITPendingBit                    0x08000d7b   Thumb Code     6  stm32f10x_rcc.o(.text)
    TIM_DeInit                               0x08000da1   Thumb Code   304  stm32f10x_tim.o(.text)
    TIM_TimeBaseInit                         0x08000ed1   Thumb Code   114  stm32f10x_tim.o(.text)
    TIM_OC1Init                              0x08000f43   Thumb Code   106  stm32f10x_tim.o(.text)
    TIM_OC2Init                              0x08000fad   Thumb Code   120  stm32f10x_tim.o(.text)
    TIM_OC3Init                              0x08001025   Thumb Code   116  stm32f10x_tim.o(.text)
    TIM_OC4Init                              0x08001099   Thumb Code    90  stm32f10x_tim.o(.text)
    TIM_SetIC4Prescaler                      0x080010f3   Thumb Code    24  stm32f10x_tim.o(.text)
    TIM_SetIC3Prescaler                      0x0800110b   Thumb Code    16  stm32f10x_tim.o(.text)
    TIM_SetIC2Prescaler                      0x0800111b   Thumb Code    24  stm32f10x_tim.o(.text)
    TIM_SetIC1Prescaler                      0x080011d9   Thumb Code    16  stm32f10x_tim.o(.text)
    TIM_ICInit                               0x08001241   Thumb Code   270  stm32f10x_tim.o(.text)
    TIM_PWMIConfig                           0x0800134f   Thumb Code   104  stm32f10x_tim.o(.text)
    TIM_BDTRConfig                           0x080013b7   Thumb Code    34  stm32f10x_tim.o(.text)
    TIM_TimeBaseStructInit                   0x080013d9   Thumb Code    18  stm32f10x_tim.o(.text)
    TIM_OCStructInit                         0x080013eb   Thumb Code    20  stm32f10x_tim.o(.text)
    TIM_ICStructInit                         0x080013ff   Thumb Code    16  stm32f10x_tim.o(.text)
    TIM_BDTRStructInit                       0x0800140f   Thumb Code    18  stm32f10x_tim.o(.text)
    TIM_Cmd                                  0x08001421   Thumb Code    20  stm32f10x_tim.o(.text)
    TIM_CtrlPWMOutputs                       0x08001435   Thumb Code    22  stm32f10x_tim.o(.text)
    TIM_ITConfig                             0x0800144b   Thumb Code    16  stm32f10x_tim.o(.text)
    TIM_GenerateEvent                        0x0800145b   Thumb Code     4  stm32f10x_tim.o(.text)
    TIM_DMAConfig                            0x0800145f   Thumb Code     8  stm32f10x_tim.o(.text)
    TIM_DMACmd                               0x08001467   Thumb Code    16  stm32f10x_tim.o(.text)
    TIM_InternalClockConfig                  0x08001477   Thumb Code    10  stm32f10x_tim.o(.text)
    TIM_SelectInputTrigger                   0x08001481   Thumb Code    12  stm32f10x_tim.o(.text)
    TIM_ITRxExternalClockConfig              0x0800148d   Thumb Code    18  stm32f10x_tim.o(.text)
    TIM_TIxExternalClockConfig               0x0800149f   Thumb Code    46  stm32f10x_tim.o(.text)
    TIM_ETRConfig                            0x080014cd   Thumb Code    24  stm32f10x_tim.o(.text)
    TIM_ETRClockMode1Config                  0x080014e5   Thumb Code    18  stm32f10x_tim.o(.text)
    TIM_ETRClockMode2Config                  0x080014f7   Thumb Code    18  stm32f10x_tim.o(.text)
    TIM_PrescalerConfig                      0x08001509   Thumb Code     6  stm32f10x_tim.o(.text)
    TIM_CounterModeConfig                    0x0800150f   Thumb Code    12  stm32f10x_tim.o(.text)
    TIM_EncoderInterfaceConfig               0x0800151b   Thumb Code    50  stm32f10x_tim.o(.text)
    TIM_ForcedOC1Config                      0x0800154d   Thumb Code    12  stm32f10x_tim.o(.text)
    TIM_ForcedOC2Config                      0x08001559   Thumb Code    20  stm32f10x_tim.o(.text)
    TIM_ForcedOC3Config                      0x0800156d   Thumb Code    12  stm32f10x_tim.o(.text)
    TIM_ForcedOC4Config                      0x08001579   Thumb Code    20  stm32f10x_tim.o(.text)
    TIM_ARRPreloadConfig                     0x0800158d   Thumb Code    20  stm32f10x_tim.o(.text)
    TIM_SelectCOM                            0x080015a1   Thumb Code    20  stm32f10x_tim.o(.text)
    TIM_SelectCCDMA                          0x080015b5   Thumb Code    20  stm32f10x_tim.o(.text)
    TIM_CCPreloadControl                     0x080015c9   Thumb Code    20  stm32f10x_tim.o(.text)
    TIM_OC1PreloadConfig                     0x080015dd   Thumb Code    32  stm32f10x_tim.o(.text)
    TIM_OC2PreloadConfig                     0x080015fd   Thumb Code    20  stm32f10x_tim.o(.text)
    TIM_OC3PreloadConfig                     0x08001611   Thumb Code    12  stm32f10x_tim.o(.text)
    TIM_OC4PreloadConfig                     0x0800161d   Thumb Code    20  stm32f10x_tim.o(.text)
    TIM_OC1FastConfig                        0x08001631   Thumb Code    12  stm32f10x_tim.o(.text)
    TIM_OC2FastConfig                        0x0800163d   Thumb Code    20  stm32f10x_tim.o(.text)
    TIM_OC3FastConfig                        0x08001651   Thumb Code    12  stm32f10x_tim.o(.text)
    TIM_OC4FastConfig                        0x0800165d   Thumb Code    20  stm32f10x_tim.o(.text)
    TIM_ClearOC1Ref                          0x08001671   Thumb Code    12  stm32f10x_tim.o(.text)
    TIM_ClearOC2Ref                          0x0800167d   Thumb Code    20  stm32f10x_tim.o(.text)
    TIM_ClearOC3Ref                          0x08001691   Thumb Code    12  stm32f10x_tim.o(.text)
    TIM_ClearOC4Ref                          0x0800169d   Thumb Code    20  stm32f10x_tim.o(.text)
    TIM_OC1PolarityConfig                    0x080016b1   Thumb Code    12  stm32f10x_tim.o(.text)
    TIM_OC1NPolarityConfig                   0x080016bd   Thumb Code    12  stm32f10x_tim.o(.text)
    TIM_OC2PolarityConfig                    0x080016c9   Thumb Code    20  stm32f10x_tim.o(.text)
    TIM_OC2NPolarityConfig                   0x080016dd   Thumb Code    20  stm32f10x_tim.o(.text)
    TIM_OC3PolarityConfig                    0x080016f1   Thumb Code    20  stm32f10x_tim.o(.text)
    TIM_OC3NPolarityConfig                   0x08001705   Thumb Code    20  stm32f10x_tim.o(.text)
    TIM_OC4PolarityConfig                    0x08001719   Thumb Code    20  stm32f10x_tim.o(.text)
    TIM_CCxCmd                               0x0800172d   Thumb Code    22  stm32f10x_tim.o(.text)
    TIM_CCxNCmd                              0x08001743   Thumb Code    22  stm32f10x_tim.o(.text)
    TIM_SelectOCxM                           0x08001759   Thumb Code    70  stm32f10x_tim.o(.text)
    TIM_UpdateDisableConfig                  0x0800179f   Thumb Code    20  stm32f10x_tim.o(.text)
    TIM_UpdateRequestConfig                  0x080017b3   Thumb Code    20  stm32f10x_tim.o(.text)
    TIM_SelectHallSensor                     0x080017c7   Thumb Code    20  stm32f10x_tim.o(.text)
    TIM_SelectOnePulseMode                   0x080017db   Thumb Code    16  stm32f10x_tim.o(.text)
    TIM_SelectOutputTrigger                  0x080017eb   Thumb Code    16  stm32f10x_tim.o(.text)
    TIM_SelectSlaveMode                      0x080017fb   Thumb Code    16  stm32f10x_tim.o(.text)
    TIM_SelectMasterSlaveMode                0x0800180b   Thumb Code    16  stm32f10x_tim.o(.text)
    TIM_SetCounter                           0x0800181b   Thumb Code     4  stm32f10x_tim.o(.text)
    TIM_SetAutoreload                        0x0800181f   Thumb Code     4  stm32f10x_tim.o(.text)
    TIM_SetCompare1                          0x08001823   Thumb Code     4  stm32f10x_tim.o(.text)
    TIM_SetCompare2                          0x08001827   Thumb Code     4  stm32f10x_tim.o(.text)
    TIM_SetCompare3                          0x0800182b   Thumb Code     4  stm32f10x_tim.o(.text)
    TIM_SetCompare4                          0x0800182f   Thumb Code     6  stm32f10x_tim.o(.text)
    TIM_SetClockDivision                     0x08001835   Thumb Code    16  stm32f10x_tim.o(.text)
    TIM_GetCapture1                          0x08001845   Thumb Code     4  stm32f10x_tim.o(.text)
    TIM_GetCapture2                          0x08001849   Thumb Code     4  stm32f10x_tim.o(.text)
    TIM_GetCapture3                          0x0800184d   Thumb Code     4  stm32f10x_tim.o(.text)
    TIM_GetCapture4                          0x08001851   Thumb Code     6  stm32f10x_tim.o(.text)
    TIM_GetCounter                           0x08001857   Thumb Code     4  stm32f10x_tim.o(.text)
    TIM_GetPrescaler                         0x0800185b   Thumb Code     4  stm32f10x_tim.o(.text)
    TIM_GetFlagStatus                        0x0800185f   Thumb Code    14  stm32f10x_tim.o(.text)
    TIM_ClearFlag                            0x0800186d   Thumb Code     6  stm32f10x_tim.o(.text)
    TIM_GetITStatus                          0x08001873   Thumb Code    24  stm32f10x_tim.o(.text)
    TIM_ClearITPendingBit                    0x0800188b   Thumb Code     6  stm32f10x_tim.o(.text)
    USART_DeInit                             0x08001891   Thumb Code    96  stm32f10x_usart.o(.text)
    USART_Init                               0x080018f1   Thumb Code   166  stm32f10x_usart.o(.text)
    USART_StructInit                         0x08001997   Thumb Code    22  stm32f10x_usart.o(.text)
    USART_ClockInit                          0x080019ad   Thumb Code    30  stm32f10x_usart.o(.text)
    USART_ClockStructInit                    0x080019cb   Thumb Code    12  stm32f10x_usart.o(.text)
    USART_Cmd                                0x080019d7   Thumb Code    20  stm32f10x_usart.o(.text)
    USART_ITConfig                           0x080019eb   Thumb Code    48  stm32f10x_usart.o(.text)
    USART_DMACmd                             0x08001a1b   Thumb Code    16  stm32f10x_usart.o(.text)
    USART_SetAddress                         0x08001a2b   Thumb Code    16  stm32f10x_usart.o(.text)
    USART_WakeUpConfig                       0x08001a3b   Thumb Code    16  stm32f10x_usart.o(.text)
    USART_ReceiverWakeUpCmd                  0x08001a4b   Thumb Code    20  stm32f10x_usart.o(.text)
    USART_LINBreakDetectLengthConfig         0x08001a5f   Thumb Code    16  stm32f10x_usart.o(.text)
    USART_LINCmd                             0x08001a6f   Thumb Code    20  stm32f10x_usart.o(.text)
    USART_SendData                           0x08001a83   Thumb Code     8  stm32f10x_usart.o(.text)
    USART_ReceiveData                        0x08001a8b   Thumb Code     8  stm32f10x_usart.o(.text)
    USART_SendBreak                          0x08001a93   Thumb Code    10  stm32f10x_usart.o(.text)
    USART_SetGuardTime                       0x08001a9d   Thumb Code    16  stm32f10x_usart.o(.text)
    USART_SetPrescaler                       0x08001aad   Thumb Code    16  stm32f10x_usart.o(.text)
    USART_SmartCardCmd                       0x08001abd   Thumb Code    20  stm32f10x_usart.o(.text)
    USART_SmartCardNACKCmd                   0x08001ad1   Thumb Code    20  stm32f10x_usart.o(.text)
    USART_HalfDuplexCmd                      0x08001ae5   Thumb Code    20  stm32f10x_usart.o(.text)
    USART_OverSampling8Cmd                   0x08001af9   Thumb Code    20  stm32f10x_usart.o(.text)
    USART_OneBitMethodCmd                    0x08001b0d   Thumb Code    20  stm32f10x_usart.o(.text)
    USART_IrDAConfig                         0x08001b21   Thumb Code    16  stm32f10x_usart.o(.text)
    USART_IrDACmd                            0x08001b31   Thumb Code    20  stm32f10x_usart.o(.text)
    USART_GetFlagStatus                      0x08001b45   Thumb Code    14  stm32f10x_usart.o(.text)
    USART_ClearFlag                          0x08001b53   Thumb Code     6  stm32f10x_usart.o(.text)
    USART_GetITStatus                        0x08001b59   Thumb Code    62  stm32f10x_usart.o(.text)
    USART_ClearITPendingBit                  0x08001b97   Thumb Code    12  stm32f10x_usart.o(.text)
    init_I2C_modules                         0x08001bb9   Thumb Code    28  main.o(.text)
    set_4_20mA_output                        0x08001bd5   Thumb Code    30  main.o(.text)
    SaveUsRegHoldingBufToFlash               0x08001bf3   Thumb Code    70  main.o(.text)
    LoadUsRegHoldingBufFromFlash             0x08001c39   Thumb Code    42  main.o(.text)
    main                                     0x08002101   Thumb Code    42  main.o(.text)
    NMI_Handler                              0x08002205   Thumb Code     2  stm32f10x_it.o(.text)
    HardFault_Handler                        0x08002207   Thumb Code     2  stm32f10x_it.o(.text)
    MemManage_Handler                        0x08002209   Thumb Code     2  stm32f10x_it.o(.text)
    BusFault_Handler                         0x0800220b   Thumb Code     2  stm32f10x_it.o(.text)
    UsageFault_Handler                       0x0800220d   Thumb Code     2  stm32f10x_it.o(.text)
    DebugMon_Handler                         0x0800220f   Thumb Code     2  stm32f10x_it.o(.text)
    SysTick_Handler                          0x08002211   Thumb Code    20  stm32f10x_it.o(.text)
    LED_GPIO_Config                          0x08002225   Thumb Code   168  bsp_led.o(.text)
    USART_Config                             0x080022d9   Thumb Code   182  bsp_usart.o(.text)
    Usart_SendByte                           0x0800238f   Thumb Code    22  bsp_usart.o(.text)
    Usart_SendArray                          0x080023a5   Thumb Code    46  bsp_usart.o(.text)
    Usart_SendString                         0x080023d3   Thumb Code    38  bsp_usart.o(.text)
    Usart_SendHalfWord                       0x080023f9   Thumb Code    50  bsp_usart.o(.text)
    fputc                                    0x0800242b   Thumb Code    30  bsp_usart.o(.text)
    fgetc                                    0x08002449   Thumb Code    26  bsp_usart.o(.text)
    Key_GPIO_Config                          0x0800246d   Thumb Code    34  bsp_key.o(.text)
    Key_Scan                                 0x0800248f   Thumb Code    14  bsp_key.o(.text)
    LCD_init                                 0x080024a1   Thumb Code    82  bsp_lcd.o(.text)
    LCD_display_hot                          0x080024f3   Thumb Code     8  bsp_lcd.o(.text)
    LCD_display_cool                         0x080024fb   Thumb Code     8  bsp_lcd.o(.text)
    lcd_display_TEMP                         0x08002503   Thumb Code    24  bsp_lcd.o(.text)
    lcd_display_HUMI                         0x0800251b   Thumb Code    24  bsp_lcd.o(.text)
    HT1621_WriteCommand                      0x08002775   Thumb Code   280  driver_ht1621.o(.text)
    HT1621_Init                              0x0800288d   Thumb Code   136  driver_ht1621.o(.text)
    HT1621_WriteData4Bit                     0x08002915   Thumb Code   312  driver_ht1621.o(.text)
    HT1621_WriteData8Bits                    0x08002a4d   Thumb Code    24  driver_ht1621.o(.text)
    HT1621_WriteData8Bit                     0x08002a65   Thumb Code   318  driver_ht1621.o(.text)
    i2c_Stop                                 0x08002ba3   Thumb Code    40  bsp_i2c_gpio.o(.text)
    i2c_Init                                 0x08002bcb   Thumb Code    50  bsp_i2c_gpio.o(.text)
    i2c_Start                                0x08002bfd   Thumb Code    52  bsp_i2c_gpio.o(.text)
    i2c_SendByte                             0x08002c31   Thumb Code    64  bsp_i2c_gpio.o(.text)
    i2c_ReadByte                             0x08002c71   Thumb Code    62  bsp_i2c_gpio.o(.text)
    i2c_WaitAck                              0x08002caf   Thumb Code    60  bsp_i2c_gpio.o(.text)
    i2c_Ack                                  0x08002ceb   Thumb Code    52  bsp_i2c_gpio.o(.text)
    i2c_NAck                                 0x08002d1f   Thumb Code    44  bsp_i2c_gpio.o(.text)
    i2c_CheckDevice                          0x08002d4b   Thumb Code    36  bsp_i2c_gpio.o(.text)
    ee_CheckOk                               0x08002d6f   Thumb Code    24  bsp_i2c_gpio.o(.text)
    GP8212S_write                            0x08002d87   Thumb Code    76  bsp_i2c_gpio.o(.text)
    Relay_GPIO_Init                          0x08002de1   Thumb Code    70  relay.o(.text)
    IWDG_Config                              0x08002e2d   Thumb Code    38  bsp_iwdg.o(.text)
    IWDG_Feed                                0x08002e53   Thumb Code     4  bsp_iwdg.o(.text)
    eMBRegInputCB                            0x08002e59   Thumb Code    68  modbus.o(.text)
    eMBRegHoldingCB                          0x08002e9d   Thumb Code   108  modbus.o(.text)
    eMBRegCoilsCB                            0x08002f09   Thumb Code   114  modbus.o(.text)
    eMBRegDiscreteCB                         0x08002f7b   Thumb Code    72  modbus.o(.text)
    ee_ReadBytes                             0x08002fc9   Thumb Code   128  bsp_nsa2862.o(.text)
    ee_WriteBytes                            0x08003049   Thumb Code    96  bsp_nsa2862.o(.text)
    NSA2862_CommandMode                      0x080030a9   Thumb Code    28  bsp_nsa2862.o(.text)
    NSA2862_E2PROM_Flash                     0x080030c5   Thumb Code    88  bsp_nsa2862.o(.text)
    NSA2862_WriteReg                         0x0800311d   Thumb Code    22  bsp_nsa2862.o(.text)
    NSA2862_E2PROM_Init                      0x08003133   Thumb Code    70  bsp_nsa2862.o(.text)
    NSA2862_ReadReg                          0x08003179   Thumb Code     8  bsp_nsa2862.o(.text)
    NSA2862_NormalMode                       0x08003181   Thumb Code    28  bsp_nsa2862.o(.text)
    NSA2862_GetPData1                        0x0800319d   Thumb Code    78  bsp_nsa2862.o(.text)
    NSA2862_GetPData                         0x080031eb   Thumb Code   124  bsp_nsa2862.o(.text)
    vListInitialise                          0x08003275   Thumb Code    22  list.o(.text)
    vListInitialiseItem                      0x0800328b   Thumb Code     6  list.o(.text)
    vListInsertEnd                           0x08003291   Thumb Code    24  list.o(.text)
    vListInsert                              0x080032a9   Thumb Code    48  list.o(.text)
    uxListRemove                             0x080032d9   Thumb Code    36  list.o(.text)
    xQueueGenericReset                       0x080032fd   Thumb Code   128  queue.o(.text)
    xQueueGenericCreate                      0x0800337d   Thumb Code    72  queue.o(.text)
    xQueueGenericSend                        0x08003515   Thumb Code   350  queue.o(.text)
    xQueueCreateMutex                        0x08003673   Thumb Code    36  queue.o(.text)
    xQueueGiveMutexRecursive                 0x08003697   Thumb Code   106  queue.o(.text)
    xQueueGenericReceive                     0x08003727   Thumb Code   356  queue.o(.text)
    xQueueTakeMutexRecursive                 0x0800388b   Thumb Code    68  queue.o(.text)
    xQueueCreateCountingSemaphore            0x080038cf   Thumb Code    62  queue.o(.text)
    xQueueGenericSendFromISR                 0x0800390d   Thumb Code   200  queue.o(.text)
    xQueueGiveFromISR                        0x080039d5   Thumb Code   172  queue.o(.text)
    xQueueReceiveFromISR                     0x08003a81   Thumb Code   150  queue.o(.text)
    xQueuePeekFromISR                        0x08003b17   Thumb Code   114  queue.o(.text)
    uxQueueMessagesWaiting                   0x08003b89   Thumb Code    36  queue.o(.text)
    uxQueueSpacesAvailable                   0x08003bad   Thumb Code    40  queue.o(.text)
    uxQueueMessagesWaitingFromISR            0x08003bd5   Thumb Code    26  queue.o(.text)
    vQueueUnregisterQueue                    0x08003bef   Thumb Code    36  queue.o(.text)
    vQueueDelete                             0x08003c13   Thumb Code    38  queue.o(.text)
    xQueueIsQueueEmptyFromISR                0x08003c39   Thumb Code    34  queue.o(.text)
    xQueueIsQueueFullFromISR                 0x08003c5b   Thumb Code    38  queue.o(.text)
    vQueueAddToRegistry                      0x08003c81   Thumb Code    32  queue.o(.text)
    pcQueueGetName                           0x08003ca1   Thumb Code    34  queue.o(.text)
    xQueueCreateSet                          0x08003cc3   Thumb Code     8  queue.o(.text)
    xQueueAddToSet                           0x08003ccb   Thumb Code    34  queue.o(.text)
    xQueueRemoveFromSet                      0x08003ced   Thumb Code    34  queue.o(.text)
    xQueueSelectFromSet                      0x08003d0f   Thumb Code    18  queue.o(.text)
    xQueueSelectFromSetFromISR               0x08003d21   Thumb Code    18  queue.o(.text)
    xTaskCreate                              0x08003e13   Thumb Code    86  tasks.o(.text)
    vTaskDelete                              0x08003e69   Thumb Code   154  tasks.o(.text)
    xTaskIncrementTick                       0x08003f03   Thumb Code   186  tasks.o(.text)
    xTaskResumeAll                           0x08003fbd   Thumb Code   182  tasks.o(.text)
    vTaskSuspendAll                          0x080040d9   Thumb Code    10  tasks.o(.text)
    vTaskDelayUntil                          0x080040e3   Thumb Code   188  tasks.o(.text)
    vTaskDelay                               0x0800419f   Thumb Code    66  tasks.o(.text)
    eTaskGetState                            0x080041e1   Thumb Code    94  tasks.o(.text)
    uxTaskPriorityGet                        0x0800423f   Thumb Code    24  tasks.o(.text)
    uxTaskPriorityGetFromISR                 0x08004257   Thumb Code    40  tasks.o(.text)
    vTaskPrioritySet                         0x0800427f   Thumb Code   184  tasks.o(.text)
    vTaskSwitchContext                       0x08004337   Thumb Code    84  tasks.o(.text)
    vTaskSuspend                             0x0800438b   Thumb Code   156  tasks.o(.text)
    vTaskResume                              0x08004457   Thumb Code   116  tasks.o(.text)
    xTaskResumeFromISR                       0x080044cb   Thumb Code   126  tasks.o(.text)
    vTaskStartScheduler                      0x08004567   Thumb Code   122  tasks.o(.text)
    vTaskEndScheduler                        0x080045e1   Thumb Code    24  tasks.o(.text)
    xTaskGetTickCount                        0x080045f9   Thumb Code     6  tasks.o(.text)
    xTaskGetTickCountFromISR                 0x080045ff   Thumb Code    12  tasks.o(.text)
    uxTaskGetNumberOfTasks                   0x0800460b   Thumb Code     6  tasks.o(.text)
    pcTaskGetName                            0x08004611   Thumb Code    38  tasks.o(.text)
    vTaskPlaceOnEventList                    0x08004637   Thumb Code    46  tasks.o(.text)
    vTaskPlaceOnUnorderedEventList           0x08004665   Thumb Code    78  tasks.o(.text)
    xTaskRemoveFromEventList                 0x080046b3   Thumb Code   104  tasks.o(.text)
    xTaskRemoveFromUnorderedEventList        0x0800471b   Thumb Code   116  tasks.o(.text)
    vTaskSetTimeOutState                     0x0800478f   Thumb Code    34  tasks.o(.text)
    xTaskCheckForTimeOut                     0x080047b1   Thumb Code   102  tasks.o(.text)
    vTaskMissedYield                         0x08004817   Thumb Code     8  tasks.o(.text)
    xTaskGetCurrentTaskHandle                0x0800481f   Thumb Code     6  tasks.o(.text)
    xTaskGetSchedulerState                   0x08004825   Thumb Code    22  tasks.o(.text)
    vTaskPriorityInherit                     0x0800483b   Thumb Code   124  tasks.o(.text)
    xTaskPriorityDisinherit                  0x080048b7   Thumb Code   144  tasks.o(.text)
    uxTaskResetEventItemValue                0x08004947   Thumb Code    20  tasks.o(.text)
    pvTaskIncrementMutexHeldCount            0x0800495b   Thumb Code    18  tasks.o(.text)
    ulTaskNotifyTake                         0x0800496d   Thumb Code   112  tasks.o(.text)
    xTaskNotifyWait                          0x080049dd   Thumb Code   128  tasks.o(.text)
    xTaskGenericNotify                       0x08004a5d   Thumb Code   190  tasks.o(.text)
    xTaskGenericNotifyFromISR                0x08004b1b   Thumb Code   228  tasks.o(.text)
    vTaskNotifyGiveFromISR                   0x08004bff   Thumb Code   168  tasks.o(.text)
    xTaskNotifyStateClear                    0x08004ca7   Thumb Code    44  tasks.o(.text)
    pvPortMalloc                             0x08004e5d   Thumb Code   214  heap_4.o(.text)
    vPortFree                                0x08004f33   Thumb Code    96  heap_4.o(.text)
    xPortGetFreeHeapSize                     0x08004f93   Thumb Code     8  heap_4.o(.text)
    xPortGetMinimumEverFreeHeapSize          0x08004f9b   Thumb Code     8  heap_4.o(.text)
    vPortInitialiseBlocks                    0x08004fa3   Thumb Code     2  heap_4.o(.text)
    pxPortInitialiseStack                    0x0800504b   Thumb Code    32  port.o(.text)
    vPortSetupTimerInterrupt                 0x0800506b   Thumb Code    26  port.o(.text)
    xPortStartScheduler                      0x08005085   Thumb Code   108  port.o(.text)
    vPortEndScheduler                        0x080050f1   Thumb Code    24  port.o(.text)
    vPortEnterCritical                       0x08005109   Thumb Code    52  port.o(.text)
    vPortExitCritical                        0x0800513d   Thumb Code    34  port.o(.text)
    xPortSysTickHandler                      0x0800515f   Thumb Code    40  port.o(.text)
    vPortValidateInterruptPriority           0x08005187   Thumb Code    72  port.o(.text)
    eMBInit                                  0x0800521d   Thumb Code   140  mb.o(.text)
    eMBRegisterCB                            0x080052a9   Thumb Code    90  mb.o(.text)
    eMBClose                                 0x08005303   Thumb Code    28  mb.o(.text)
    eMBEnable                                0x0800531f   Thumb Code    28  mb.o(.text)
    eMBDisable                               0x0800533b   Thumb Code    28  mb.o(.text)
    eMBPoll                                  0x08005357   Thumb Code   228  mb.o(.text)
    eMBASCIIInit                             0x0800547d   Thumb Code    46  mbascii.o(.text)
    eMBASCIIStart                            0x080054ab   Thumb Code    24  mbascii.o(.text)
    eMBASCIIStop                             0x080054c3   Thumb Code    18  mbascii.o(.text)
    eMBASCIIReceive                          0x080054d5   Thumb Code    68  mbascii.o(.text)
    eMBASCIISend                             0x08005519   Thumb Code    68  mbascii.o(.text)
    xMBASCIIReceiveFSM                       0x0800555d   Thumb Code   222  mbascii.o(.text)
    xMBASCIITransmitFSM                      0x0800563b   Thumb Code   168  mbascii.o(.text)
    xMBASCIITimerT1SExpired                  0x080056e3   Thumb Code    42  mbascii.o(.text)
    eMBFuncReadCoils                         0x08005745   Thumb Code   110  mbfunccoils.o(.text)
    eMBFuncWriteCoil                         0x080057b3   Thumb Code    82  mbfunccoils.o(.text)
    eMBFuncWriteMultipleCoils                0x08005805   Thumb Code    96  mbfunccoils.o(.text)
    eMBFuncReadDiscreteInputs                0x08005865   Thumb Code   110  mbfuncdisc.o(.text)
    eMBFuncWriteHoldingRegister              0x080058d3   Thumb Code    46  mbfuncholding.o(.text)
    eMBFuncWriteMultipleHoldingRegister      0x08005901   Thumb Code    74  mbfuncholding.o(.text)
    eMBFuncReadHoldingRegister               0x0800594b   Thumb Code    90  mbfuncholding.o(.text)
    eMBFuncReadWriteMultipleHoldingRegister  0x080059a5   Thumb Code   156  mbfuncholding.o(.text)
    eMBFuncReadInputRegister                 0x08005a41   Thumb Code    94  mbfuncinput.o(.text)
    eMBSetSlaveID                            0x08005aa1   Thumb Code    64  mbfuncother.o(.text)
    eMBFuncReportSlaveID                     0x08005ae1   Thumb Code    26  mbfuncother.o(.text)
    xMBUtilSetBits                           0x08005b05   Thumb Code    50  mbutils.o(.text)
    xMBUtilGetBits                           0x08005b37   Thumb Code    34  mbutils.o(.text)
    prveMBError2Exception                    0x08005b59   Thumb Code    24  mbutils.o(.text)
    usMBCRC16                                0x08005b71   Thumb Code    38  mbcrc.o(.text)
    eMBRTUInit                               0x08005b9d   Thumb Code    54  mbrtu.o(.text)
    eMBRTUStart                              0x08005bd3   Thumb Code    24  mbrtu.o(.text)
    eMBRTUStop                               0x08005beb   Thumb Code    18  mbrtu.o(.text)
    eMBRTUReceive                            0x08005bfd   Thumb Code    70  mbrtu.o(.text)
    eMBRTUSend                               0x08005c43   Thumb Code   102  mbrtu.o(.text)
    xMBRTUReceiveFSM                         0x08005ca9   Thumb Code    96  mbrtu.o(.text)
    xMBRTUTransmitFSM                        0x08005d09   Thumb Code    86  mbrtu.o(.text)
    xMBRTUTimerT35Expired                    0x08005d5f   Thumb Code    58  mbrtu.o(.text)
    xMBPortEventInit                         0x08005da5   Thumb Code    10  portevent.o(.text)
    xMBPortEventPost                         0x08005daf   Thumb Code    12  portevent.o(.text)
    xMBPortEventGet                          0x08005dbb   Thumb Code    24  portevent.o(.text)
    vMBPortSerialEnable                      0x08005dd9   Thumb Code    96  portserial.o(.text)
    xMBPortSerialInit                        0x08005e39   Thumb Code   208  portserial.o(.text)
    xMBPortSerialPutByte                     0x08005f09   Thumb Code    16  portserial.o(.text)
    xMBPortSerialGetByte                     0x08005f19   Thumb Code    18  portserial.o(.text)
    USART1_IRQHandler                        0x08005f2b   Thumb Code    78  portserial.o(.text)
    USART3_IRQHandler                        0x08005f79   Thumb Code    78  portserial.o(.text)
    xMBPortTimersInit                        0x08005fe9   Thumb Code   130  porttimer.o(.text)
    vMBPortTimersEnable                      0x0800606b   Thumb Code    42  porttimer.o(.text)
    vMBPortTimersDisable                     0x08006095   Thumb Code    42  porttimer.o(.text)
    TIM4_IRQHandler                          0x080060bf   Thumb Code    36  porttimer.o(.text)
    __aeabi_memcpy                           0x080060f1   Thumb Code    36  memcpya.o(.text)
    __aeabi_memcpy4                          0x080060f1   Thumb Code     0  memcpya.o(.text)
    __aeabi_memcpy8                          0x080060f1   Thumb Code     0  memcpya.o(.text)
    memcmp                                   0x08006115   Thumb Code    26  memcmp.o(.text)
    __aeabi_fadd                             0x0800612f   Thumb Code   164  fadd.o(.text)
    __aeabi_fsub                             0x080061d3   Thumb Code     6  fadd.o(.text)
    __aeabi_frsub                            0x080061d9   Thumb Code     6  fadd.o(.text)
    __aeabi_fmul                             0x080061df   Thumb Code   100  fmul.o(.text)
    __aeabi_fdiv                             0x08006243   Thumb Code   124  fdiv.o(.text)
    __ARM_scalbnf                            0x080062bf   Thumb Code    24  fscalb.o(.text)
    scalbnf                                  0x080062bf   Thumb Code     0  fscalb.o(.text)
    __aeabi_i2f                              0x080062d7   Thumb Code    18  fflti.o(.text)
    __aeabi_ui2f                             0x080062e9   Thumb Code    10  ffltui.o(.text)
    __aeabi_f2uiz                            0x080062f3   Thumb Code    40  ffixui.o(.text)
    __aeabi_cfcmpeq                          0x0800631d   Thumb Code     0  cfcmple.o(.text)
    __aeabi_cfcmple                          0x0800631d   Thumb Code    20  cfcmple.o(.text)
    __aeabi_cfrcmple                         0x08006331   Thumb Code    20  cfrcmple.o(.text)
    __aeabi_uidiv                            0x08006345   Thumb Code     0  uidiv.o(.text)
    __aeabi_uidivmod                         0x08006345   Thumb Code    44  uidiv.o(.text)
    __I$use$fp                               0x08006371   Thumb Code     0  iusefp.o(.text)
    _float_round                             0x08006371   Thumb Code    18  fepilogue.o(.text)
    _float_epilogue                          0x08006383   Thumb Code    92  fepilogue.o(.text)
    __scatterload                            0x080063e1   Thumb Code    28  init.o(.text)
    __scatterload_rt2                        0x080063e1   Thumb Code     0  init.o(.text)
    __decompress                             0x08006405   Thumb Code     0  __dczerorl2.o(.text)
    __decompress1                            0x08006405   Thumb Code    86  __dczerorl2.o(.text)
    __0printf$3                              0x0800645d   Thumb Code    22  printf3.o(i.__0printf$3)
    __1printf$3                              0x0800645d   Thumb Code     0  printf3.o(i.__0printf$3)
    __2printf                                0x0800645d   Thumb Code     0  printf3.o(i.__0printf$3)
    __scatterload_copy                       0x0800647d   Thumb Code    14  handlers.o(i.__scatterload_copy)
    __scatterload_null                       0x0800648b   Thumb Code     2  handlers.o(i.__scatterload_null)
    __scatterload_zeroinit                   0x0800648d   Thumb Code    14  handlers.o(i.__scatterload_zeroinit)
    Region$$Table$$Base                      0x08006888   Number         0  anon$$obj.o(Region$$Table)
    Region$$Table$$Limit                     0x080068a8   Number         0  anon$$obj.o(Region$$Table)
    SystemCoreClock                          0x20000000   Data           4  system_stm32f10x.o(.data)
    AHBPrescTable                            0x20000004   Data          16  system_stm32f10x.o(.data)
    xTempQueue                               0x2000003c   Data           4  main.o(.data)
    xHumQueue                                0x20000040   Data           4  main.o(.data)
    xFlashQueue                              0x20000044   Data           4  main.o(.data)
    presure                                  0x20000048   Data           4  main.o(.data)
    presure1                                 0x2000004c   Data           4  main.o(.data)
    I2C1_Config                              0x20000050   Data           8  main.o(.data)
    I2C2_Config                              0x20000058   Data           8  main.o(.data)
    I2C3_Config                              0x20000060   Data           8  main.o(.data)
    usRegInputStart                          0x20000068   Data           2  modbus.o(.data)
    usRegHoldingStart                        0x2000006a   Data           2  modbus.o(.data)
    ucRegCoilsBuf                            0x2000006c   Data           2  modbus.o(.data)
    ucRegDiscreteBuf                         0x2000006e   Data           2  modbus.o(.data)
    usRegInputBuf                            0x20000070   Data          58  modbus.o(.data)
    usRegHoldingBuf                          0x200000aa   Data          50  modbus.o(.data)
    pxCurrentTCB                             0x200000e4   Data           4  tasks.o(.data)
    pxMBFrameCBByteReceived                  0x20000164   Data           4  mb.o(.data)
    pxMBFrameCBTransmitterEmpty              0x20000168   Data           4  mb.o(.data)
    pxMBPortCBTimerExpired                   0x2000016c   Data           4  mb.o(.data)
    __stdout                                 0x20000224   Data           4  stdout.o(.data)
    xQueueRegistry                           0x2000025c   Data          80  queue.o(.bss)
    ucRTUBuf                                 0x20002db0   Data         256  mbrtu.o(.bss)
    __initial_sp                             0x200032b0   Data           0  startup_stm32f10x_md.o(STACK)



==============================================================================

Memory Map of the image

  Image Entry point : 0x080000ed

  Load Region LR_IROM1 (Base: 0x08000000, Size: 0x00006ad0, Max: 0x00010000, ABSOLUTE, COMPRESSED[0x00006944])

    Execution Region ER_IROM1 (Exec base: 0x08000000, Load base: 0x08000000, Size: 0x000068a8, Max: 0x00010000, ABSOLUTE)

    Exec Addr    Load Addr    Size         Type   Attr      Idx    E Section Name        Object

    0x08000000   0x08000000   0x000000ec   Data   RO            3    RESET               startup_stm32f10x_md.o
    0x080000ec   0x080000ec   0x00000000   Code   RO         1082  * .ARM.Collect$$$$00000000  mc_w.l(entry.o)
    0x080000ec   0x080000ec   0x00000004   Code   RO         1372    .ARM.Collect$$$$00000001  mc_w.l(entry2.o)
    0x080000f0   0x080000f0   0x00000004   Code   RO         1375    .ARM.Collect$$$$00000004  mc_w.l(entry5.o)
    0x080000f4   0x080000f4   0x00000000   Code   RO         1377    .ARM.Collect$$$$00000008  mc_w.l(entry7b.o)
    0x080000f4   0x080000f4   0x00000000   Code   RO         1379    .ARM.Collect$$$$0000000A  mc_w.l(entry8b.o)
    0x080000f4   0x080000f4   0x00000008   Code   RO         1380    .ARM.Collect$$$$0000000B  mc_w.l(entry9a.o)
    0x080000fc   0x080000fc   0x00000004   Code   RO         1387    .ARM.Collect$$$$0000000E  mc_w.l(entry12b.o)
    0x08000100   0x08000100   0x00000000   Code   RO         1382    .ARM.Collect$$$$0000000F  mc_w.l(entry10a.o)
    0x08000100   0x08000100   0x00000000   Code   RO         1384    .ARM.Collect$$$$00000011  mc_w.l(entry11a.o)
    0x08000100   0x08000100   0x00000004   Code   RO         1373    .ARM.Collect$$$$00002712  mc_w.l(entry2.o)
    0x08000104   0x08000104   0x00000096   Code   RO          828    .emb_text           port.o
    0x0800019a   0x0800019a   0x00000002   PAD
    0x0800019c   0x0800019c   0x00000024   Code   RO            4    .text               startup_stm32f10x_md.o
    0x080001c0   0x080001c0   0x00000158   Code   RO           24    .text               system_stm32f10x.o
    0x08000318   0x08000318   0x000000b0   Code   RO          121    .text               misc.o
    0x080003c8   0x080003c8   0x00000480   Code   RO          245    .text               stm32f10x_flash.o
    0x08000848   0x08000848   0x00000264   Code   RO          270    .text               stm32f10x_gpio.o
    0x08000aac   0x08000aac   0x0000003c   Code   RO          294    .text               stm32f10x_iwdg.o
    0x08000ae8   0x08000ae8   0x000002b8   Code   RO          318    .text               stm32f10x_rcc.o
    0x08000da0   0x08000da0   0x00000af0   Code   RO          369    .text               stm32f10x_tim.o
    0x08001890   0x08001890   0x00000328   Code   RO          382    .text               stm32f10x_usart.o
    0x08001bb8   0x08001bb8   0x0000064c   Code   RO          406    .text               main.o
    0x08002204   0x08002204   0x00000020   Code   RO          530    .text               stm32f10x_it.o
    0x08002224   0x08002224   0x000000b4   Code   RO          545    .text               bsp_led.o
    0x080022d8   0x080022d8   0x00000194   Code   RO          560    .text               bsp_usart.o
    0x0800246c   0x0800246c   0x00000034   Code   RO          577    .text               bsp_key.o
    0x080024a0   0x080024a0   0x000002d2   Code   RO          589    .text               bsp_lcd.o
    0x08002772   0x08002772   0x00000002   PAD
    0x08002774   0x08002774   0x0000042e   Code   RO          604    .text               driver_ht1621.o
    0x08002ba2   0x08002ba2   0x0000023c   Code   RO          616    .text               bsp_i2c_gpio.o
    0x08002dde   0x08002dde   0x00000002   PAD
    0x08002de0   0x08002de0   0x0000004c   Code   RO          635    .text               relay.o
    0x08002e2c   0x08002e2c   0x0000002a   Code   RO          647    .text               bsp_iwdg.o
    0x08002e56   0x08002e56   0x00000002   PAD
    0x08002e58   0x08002e58   0x00000170   Code   RO          659    .text               modbus.o
    0x08002fc8   0x08002fc8   0x000002ac   Code   RO          677    .text               bsp_nsa2862.o
    0x08003274   0x08003274   0x00000088   Code   RO          744    .text               list.o
    0x080032fc   0x080032fc   0x00000a58   Code   RO          756    .text               queue.o
    0x08003d54   0x08003d54   0x000010c0   Code   RO          775    .text               tasks.o
    0x08004e14   0x08004e14   0x00000214   Code   RO          813    .text               heap_4.o
    0x08005028   0x08005028   0x000001f4   Code   RO          829    .text               port.o
    0x0800521c   0x0800521c   0x00000260   Code   RO          859    .text               mb.o
    0x0800547c   0x0800547c   0x000002c8   Code   RO          898    .text               mbascii.o
    0x08005744   0x08005744   0x00000120   Code   RO          916    .text               mbfunccoils.o
    0x08005864   0x08005864   0x0000006e   Code   RO          931    .text               mbfuncdisc.o
    0x080058d2   0x080058d2   0x0000016e   Code   RO          943    .text               mbfuncholding.o
    0x08005a40   0x08005a40   0x0000005e   Code   RO          955    .text               mbfuncinput.o
    0x08005a9e   0x08005a9e   0x00000002   PAD
    0x08005aa0   0x08005aa0   0x00000064   Code   RO          967    .text               mbfuncother.o
    0x08005b04   0x08005b04   0x0000006c   Code   RO          982    .text               mbutils.o
    0x08005b70   0x08005b70   0x0000002c   Code   RO          994    .text               mbcrc.o
    0x08005b9c   0x08005b9c   0x00000208   Code   RO         1008    .text               mbrtu.o
    0x08005da4   0x08005da4   0x00000034   Code   RO         1033    .text               portevent.o
    0x08005dd8   0x08005dd8   0x00000210   Code   RO         1047    .text               portserial.o
    0x08005fe8   0x08005fe8   0x00000108   Code   RO         1070    .text               porttimer.o
    0x080060f0   0x080060f0   0x00000024   Code   RO         1087    .text               mc_w.l(memcpya.o)
    0x08006114   0x08006114   0x0000001a   Code   RO         1089    .text               mc_w.l(memcmp.o)
    0x0800612e   0x0800612e   0x000000b0   Code   RO         1354    .text               mf_w.l(fadd.o)
    0x080061de   0x080061de   0x00000064   Code   RO         1356    .text               mf_w.l(fmul.o)
    0x08006242   0x08006242   0x0000007c   Code   RO         1358    .text               mf_w.l(fdiv.o)
    0x080062be   0x080062be   0x00000018   Code   RO         1360    .text               mf_w.l(fscalb.o)
    0x080062d6   0x080062d6   0x00000012   Code   RO         1362    .text               mf_w.l(fflti.o)
    0x080062e8   0x080062e8   0x0000000a   Code   RO         1364    .text               mf_w.l(ffltui.o)
    0x080062f2   0x080062f2   0x00000028   Code   RO         1366    .text               mf_w.l(ffixui.o)
    0x0800631a   0x0800631a   0x00000002   PAD
    0x0800631c   0x0800631c   0x00000014   Code   RO         1368    .text               mf_w.l(cfcmple.o)
    0x08006330   0x08006330   0x00000014   Code   RO         1370    .text               mf_w.l(cfrcmple.o)
    0x08006344   0x08006344   0x0000002c   Code   RO         1389    .text               mc_w.l(uidiv.o)
    0x08006370   0x08006370   0x00000000   Code   RO         1393    .text               mc_w.l(iusefp.o)
    0x08006370   0x08006370   0x0000006e   Code   RO         1394    .text               mf_w.l(fepilogue.o)
    0x080063de   0x080063de   0x00000002   PAD
    0x080063e0   0x080063e0   0x00000024   Code   RO         1406    .text               mc_w.l(init.o)
    0x08006404   0x08006404   0x00000056   Code   RO         1424    .text               mc_w.l(__dczerorl2.o)
    0x0800645a   0x0800645a   0x00000002   PAD
    0x0800645c   0x0800645c   0x00000020   Code   RO         1182    i.__0printf$3       mc_w.l(printf3.o)
    0x0800647c   0x0800647c   0x0000000e   Code   RO         1418    i.__scatterload_copy  mc_w.l(handlers.o)
    0x0800648a   0x0800648a   0x00000002   Code   RO         1419    i.__scatterload_null  mc_w.l(handlers.o)
    0x0800648c   0x0800648c   0x0000000e   Code   RO         1420    i.__scatterload_zeroinit  mc_w.l(handlers.o)
    0x0800649a   0x0800649a   0x00000002   PAD
    0x0800649c   0x0800649c   0x000001b8   Code   RO         1189    i._printf_core      mc_w.l(printf3.o)
    0x08006654   0x08006654   0x00000032   Data   RO          408    .constdata          main.o
    0x08006686   0x08006686   0x00000200   Data   RO          995    .constdata          mbcrc.o
    0x08006886   0x08006886   0x00000002   PAD
    0x08006888   0x08006888   0x00000020   Data   RO         1416    Region$$Table       anon$$obj.o


    Execution Region RW_IRAM1 (Exec base: 0x20000000, Load base: 0x080068a8, Size: 0x000032b0, Max: 0x00005000, ABSOLUTE, COMPRESSED[0x0000009c])

    Exec Addr    Load Addr    Size         Type   Attr      Idx    E Section Name        Object

    0x20000000   COMPRESSED   0x00000014   Data   RW           25    .data               system_stm32f10x.o
    0x20000014   COMPRESSED   0x00000014   Data   RW          319    .data               stm32f10x_rcc.o
    0x20000028   COMPRESSED   0x00000040   Data   RW          409    .data               main.o
    0x20000068   COMPRESSED   0x00000074   Data   RW          660    .data               modbus.o
    0x200000dc   COMPRESSED   0x00000006   Data   RW          678    .data               bsp_nsa2862.o
    0x200000e2   COMPRESSED   0x00000002   PAD
    0x200000e4   COMPRESSED   0x0000003c   Data   RW          777    .data               tasks.o
    0x20000120   COMPRESSED   0x00000018   Data   RW          815    .data               heap_4.o
    0x20000138   COMPRESSED   0x0000000c   Data   RW          830    .data               port.o
    0x20000144   COMPRESSED   0x000000ac   Data   RW          860    .data               mb.o
    0x200001f0   COMPRESSED   0x00000010   Data   RW          899    .data               mbascii.o
    0x20000200   COMPRESSED   0x00000002   Data   RW          969    .data               mbfuncother.o
    0x20000202   COMPRESSED   0x00000002   PAD
    0x20000204   COMPRESSED   0x0000000c   Data   RW         1010    .data               mbrtu.o
    0x20000210   COMPRESSED   0x00000002   Data   RW         1034    .data               portevent.o
    0x20000212   COMPRESSED   0x00000002   PAD
    0x20000214   COMPRESSED   0x00000010   Data   RW         1049    .data               portserial.o
    0x20000224   COMPRESSED   0x00000004   Data   RW         1388    .data               mc_w.l(stdout.o)
    0x20000228        -       0x00000032   Zero   RW          407    .bss                main.o
    0x2000025a   COMPRESSED   0x00000002   PAD
    0x2000025c        -       0x00000050   Zero   RW          757    .bss                queue.o
    0x200002ac        -       0x000002e4   Zero   RW          776    .bss                tasks.o
    0x20000590        -       0x00002800   Zero   RW          814    .bss                heap_4.o
    0x20002d90        -       0x00000020   Zero   RW          968    .bss                mbfuncother.o
    0x20002db0        -       0x00000100   Zero   RW         1009    .bss                mbrtu.o
    0x20002eb0        -       0x00000400   Zero   RW            1    STACK               startup_stm32f10x_md.o


==============================================================================

Image component sizes


      Code (inc. data)   RO Data    RW Data    ZI Data      Debug   Object Name

       572          0          0          0          0       4232   bsp_i2c_gpio.o
        42          0          0          0          0        688   bsp_iwdg.o
        52          4          0          0          0       1107   bsp_key.o
       722          0          0          0          0       3302   bsp_lcd.o
       180         12          0          0          0        630   bsp_led.o
       684         14          0          6          0       4547   bsp_nsa2862.o
       404         10          0          0          0       4064   bsp_usart.o
         0          0          0          0          0       4516   core_cm3.o
      1070          6          0          0          0       2710   driver_ht1621.o
         0          0          0          0          0       9484   event_groups.o
       532         66          0         24      10240       3516   heap_4.o
       136          0          0          0          0       1906   list.o
      1612        154         50         64         50      26527   main.o
       608         66          0        172          0       5500   mb.o
       712         10          0         16          0       5113   mbascii.o
        44          6        512          0          0       1348   mbcrc.o
       288          0          0          0          0       3310   mbfunccoils.o
       110          0          0          0          0       1760   mbfuncdisc.o
       366          0          0          0          0       4477   mbfuncholding.o
        94          0          0          0          0       1743   mbfuncinput.o
       100         10          0          2         32       1965   mbfuncother.o
       520         12          0         12        256       4037   mbrtu.o
       108          0          0          0          0       2066   mbutils.o
       176         14          0          0          0       1981   misc.o
       368          6          0        116          0       3236   modbus.o
       650         90          0         12          0       7853   port.o
        52          6          0          2          0       1648   portevent.o
       528         34          0         16          0       3500   portserial.o
       264         14          0          0          0       1837   porttimer.o
      2648         58          0          0         80      16106   queue.o
        76          6          0          0          0        554   relay.o
        36          8        236          0       1024        888   startup_stm32f10x_md.o
      1152         22          0          0          0       9328   stm32f10x_flash.o
       612         36          0          0          0       6105   stm32f10x_gpio.o
        32          0          0          0          0       1159   stm32f10x_it.o
        60          6          0          0          0       1349   stm32f10x_iwdg.o
       696         32          0         20          0       9120   stm32f10x_rcc.o
      2800         84          0          0          0      24046   stm32f10x_tim.o
       808         22          0          0          0       8976   stm32f10x_usart.o
       344         34          0         20          0     255595   system_stm32f10x.o
      4288        176          0         60        740      30115   tasks.o

    ----------------------------------------------------------------------
     24556       1018        832        548      12424     481944   Object Totals
         0          0         32          0          0          0   (incl. Generated)
        10          0          2          6          2          0   (incl. Padding)

    ----------------------------------------------------------------------

      Code (inc. data)   RO Data    RW Data    ZI Data      Debug   Library Member Name

        86          0          0          0          0          0   __dczerorl2.o
         0          0          0          0          0          0   entry.o
         0          0          0          0          0          0   entry10a.o
         0          0          0          0          0          0   entry11a.o
         4          0          0          0          0          0   entry12b.o
         8          4          0          0          0          0   entry2.o
         4          0          0          0          0          0   entry5.o
         0          0          0          0          0          0   entry7b.o
         0          0          0          0          0          0   entry8b.o
         8          4          0          0          0          0   entry9a.o
        30          0          0          0          0          0   handlers.o
        36          8          0          0          0         68   init.o
         0          0          0          0          0          0   iusefp.o
        26          0          0          0          0         80   memcmp.o
        36          0          0          0          0         68   memcpya.o
       472         14          0          0          0        184   printf3.o
         0          0          0          4          0          0   stdout.o
        44          0          0          0          0         80   uidiv.o
        20          0          0          0          0         68   cfcmple.o
        20          0          0          0          0         68   cfrcmple.o
       176          0          0          0          0        140   fadd.o
       124          0          0          0          0         88   fdiv.o
       110          0          0          0          0        168   fepilogue.o
        40          0          0          0          0         68   ffixui.o
        18          0          0          0          0         68   fflti.o
        10          0          0          0          0         68   ffltui.o
       100          0          0          0          0         76   fmul.o
        24          0          0          0          0         68   fscalb.o

    ----------------------------------------------------------------------
      1404         30          0          4          0       1360   Library Totals
         8          0          0          0          0          0   (incl. Padding)

    ----------------------------------------------------------------------

      Code (inc. data)   RO Data    RW Data    ZI Data      Debug   Library Name

       754         30          0          4          0        480   mc_w.l
       642          0          0          0          0        880   mf_w.l

    ----------------------------------------------------------------------
      1404         30          0          4          0       1360   Library Totals

    ----------------------------------------------------------------------

==============================================================================


      Code (inc. data)   RO Data    RW Data    ZI Data      Debug   

     25960       1048        832        552      12424     478856   Grand Totals
     25960       1048        832        156      12424     478856   ELF Image Totals (compressed)
     25960       1048        832        156          0          0   ROM Totals

==============================================================================

    Total RO  Size (Code + RO Data)                26792 (  26.16kB)
    Total RW  Size (RW Data + ZI Data)             12976 (  12.67kB)
    Total ROM Size (Code + RO Data + RW Data)      26948 (  26.32kB)

==============================================================================

